checked test/ccs.ns: 27 ERRORS
checked test/d1/admin.ns: 39 ERRORS
checked test/d1/stg_mig.ns: 33 ERRORS
checked test/d2/admin.ns: 21 ERRORS
checked test/d2/stg_mig.ns: 46 ERRORS
checked test/dw3.ns: 24 ERRORS
checked test/mms-dev.ns: 1284 ERRORS
checked test/mms-prod.ns: 2365 ERRORS
checked test/summics.ns: 336 ERRORS
