checking db/test.ns
006afd24: namespace name=test.c  BAD HASH - NOT REPAIRED
00b57460: namespace name=test.c.$_id_  OK
00b8e024: namespace name=test.system.indexes  OK
00c8888c: namespace name=test.system.namespaces  OK
0 errors were detected and repaired
1 errors could not be repaired - please contact MongoDB support

16777216 db/local.0
16777216 db/local.ns
0 db/mongod.lock
16777216 db/test.0
16777216 db/test.ns
16777216 db/test.ns.repaired
test.ns was not changed
