=== ../mdb-wt.py pf db/collection-2--2874409305134884122.wt
checkpoint time 2016-01-18T13:50:35Z
write gen 16
db/WiredTiger.wt: r=0x6000,1,0x8a3f7eaa u=0x7000,1,0x4d72df99 a=0xa000,1,0x2f551d83
checkpoint time 2016-01-18T13:50:35Z
write gen 3
db/collection-2--2874409305134884122.wt: r=0x6000,1,0x80843796 u=0x7000,1,0x752a0116 a=0x1000,0,0x0
problem reading extlist for db/collection-2--2874409305134884122.wt at 1000, proceeding without avail list
00000000: block_desc magic=120897(OK) major=1 minor=0 cksum=0xb72308d8
00001000: page recno=0 gen=1 msz=0x7fea entries=1342 type=7(ROW_LEAF) flags=0x5(comp+no0) 
0000101c: block sz=0x3000 cksum=0x799cf2a7 flags=0x1(cksum)
00004000: page recno=0 gen=2 msz=0x3f21 entries=658 type=7(ROW_LEAF) flags=0x5(comp+no0) 
0000401c: block sz=0x2000 cksum=0xf17942a4 flags=0x1(cksum)
00006000: page recno=0 gen=3 msz=0x3f entries=4 type=6(ROW_INT) flags=0x0() ROOT
0000601c: block sz=0x1000 cksum=0x80843796 flags=0x1(cksum)
00007000: page recno=0 gen=0 msz=0x33 entries=11 type=1(BLOCK_MANAGER) flags=0x0() 
0000701c: block sz=0x1000 cksum=0x752a0116 flags=0x1(cksum)
